Traceback (most recent call last):
  File "test_parser.py", line 3, in <module>
    from parser import Parser
ImportError: cannot import name 'Parser' from 'parser' (/usr/lib/python3.7/lib-dynload/parser.cpython-37m-x86_64-linux-gnu.so)
