......
----------------------------------------------------------------------
Ran 6 tests in 0.007s

OK
