....
----------------------------------------------------------------------
Ran 4 tests in 0.008s

OK
[Subplot: id=0; name=COMUM; buildings=[]; Net Area=10, Subplot: id=1; name=res 1; buildings=[]; Net Area=10, Subplot: id=2; name=res 2; buildings=[]; Net Area=10]
